[0KRunning with gitlab-runner 17.4.0 (b92ee590)[0;m
[0K  on docker-runner-3 xR7f2kQp, system ID: s_7a1c2e9d4b10[0;m
section_start:1759602000:prepare_executor[0K[0K[36;1mPreparing the "docker" executor[0;m[0;m
[0KUsing Docker executor with image registry.example.com/android-ci:35 ...[0;m
[0KPulling docker image registry.example.com/android-ci:35 ...[0;m
section_end:1759602011:prepare_executor[0K
section_start:1759602011:get_sources[collapsed=true][0K[0K[36;1mGetting source from Git repository[0;m[0;m
[32;1mFetching changes with git depth set to 20...[0;m
Initialized empty Git repository in /builds/acme/mobile-app/.git/
[32;1mCreated fresh repository.[0;m
[32;1mChecking out c7e9a2b4 as detached HEAD (ref is main)...[0;m
[32;1mSkipping Git submodules setup[0;m
section_end:1759602017:get_sources[0K
section_start:1759602017:step_script[0K[0K[36;1mExecuting "step_script" stage of the job script[0;m[0;m
[32;1m$ ./gradlew assembleDebug --no-daemon[0;m
> Task :app:compileDebugKotlin FAILED
w: file:///builds/acme/mobile-app/app/src/main/java/com/acme/cart/CartTotals.kt:18:9 Variable 'legacy' is never used
e: file:///builds/acme/mobile-app/app/src/main/java/com/acme/cart/CartTotals.kt:42:17 Unresolved reference 'discountRate'.
e: file:///builds/acme/mobile-app/app/src/main/java/com/acme/cart/CartTotals.kt:47:5 Unresolved reference 'applyDiscount'.

FAILURE: Build failed with an exception.

* What went wrong:
Execution failed for task ':app:compileDebugKotlin'.
> A failure occurred while executing org.jetbrains.kotlin.compilerRunner.GradleCompilerRunnerWithWorkers$GradleKotlinCompilerWorkAction
   > Compilation error. See log for more details

BUILD FAILED in 48s
section_end:1759602070:step_script[0K
section_start:1759602070:upload_artifacts_on_failure[0K[0K[36;1mUploading artifacts for failed job[0;m[0;m
[32;1mUploading artifacts...[0;m
app/build/reports/: found 412 matching artifact files and directories[0;m 
Uploading artifacts as "archive" to coordinator... 201 Created[0;m  id[0;m=5011 responseStatus[0;m=201 Created token[0;m=glcbt-64
section_end:1759602073:upload_artifacts_on_failure[0K
section_start:1759602073:cleanup_file_variables[0K[0K[36;1mCleaning up project directory and file based variables[0;m[0;m
section_end:1759602074:cleanup_file_variables[0K
[31;1mERROR: Job failed: exit code 1
[0;m
