[0KRunning with gitlab-runner 17.4.0 (b92ee590)[0;m
[0K  on docker-runner-3 xR7f2kQp, system ID: s_7a1c2e9d4b10[0;m
section_start:1759655530:prepare_executor[0K[0K[36;1mPreparing the "docker" executor[0;m[0;m
[0KUsing Docker executor with image node:20.17-alpine ...[0;m
[0KPulling docker image node:20.17-alpine ...[0;m
section_end:1759655541:prepare_executor[0K
section_start:1759655541:get_sources[collapsed=true][0K[0K[36;1mGetting source from Git repository[0;m[0;m
[32;1mFetching changes with git depth set to 20...[0;m
Initialized empty Git repository in /builds/acme/mobile-app/.git/
[32;1mCreated fresh repository.[0;m
[32;1mChecking out 9f2c1e7a as detached HEAD (ref is feature/cart-discounts)...[0;m
[32;1mSkipping Git submodules setup[0;m
section_end:1759655547:get_sources[0K
section_start:1759655548:step_script[0K[0K[36;1mExecuting "step_script" stage of the job script[0;m[0;m
[32;1m$ npm ci --no-audit --no-fund[0;m
added 1287 packages in 38s
[32;1m$ npm run lint[0;m

> acme-mobile@2.9.0 lint
> eslint . --max-warnings=0


/builds/acme/mobile-app/src/cart/CartScreen.tsx
  42:11  [31merror[39m  'discount' is assigned a value but never used  [2m@typescript-eslint/no-unused-vars[22m

[31m[1m✖ 1 problem (1 error, 0 warnings)[22m[39m

npm error Lifecycle script `lint` failed with error:
npm error code 1
npm error path /builds/acme/mobile-app
npm error command failed
npm error command sh -c eslint . --max-warnings=0
section_end:1759655581:step_script[0K
section_start:1759655581:upload_artifacts_on_failure[0K[0K[36;1mUploading artifacts for failed job[0;m[0;m
[32;1mUploading artifacts...[0;m
app/build/reports/: found 412 matching artifact files and directories[0;m 
Uploading artifacts as "archive" to coordinator... 201 Created[0;m  id[0;m=5011 responseStatus[0;m=201 Created token[0;m=glcbt-64
section_end:1759655584:upload_artifacts_on_failure[0K
section_start:1759655584:cleanup_file_variables[0K[0K[36;1mCleaning up project directory and file based variables[0;m[0;m
section_end:1759655585:cleanup_file_variables[0K
[31;1mERROR: Job failed: exit code 1
[0;m
